// Jest Snapshot v1, https://goo.gl/fbAQLP

exports[`react-native-simple-components imports the module 1`] = `
<View
  accessible={true}
  isTVSelectable={true}
  onResponderGrant={[Function]}
  onResponderMove={[Function]}
  onResponderRelease={[Function]}
  onResponderTerminate={[Function]}
  onResponderTerminationRequest={[Function]}
  onStartShouldSetResponder={[Function]}
  style={
    Object {
      "alignItems": "center",
      "alignSelf": "stretch",
      "backgroundColor": "#E0E0E0",
      "flexDirection": "row",
      "justifyContent": "center",
      "opacity": 1,
      "padding": 16,
    }
  }
>
  <Text
    accessible={true}
    allowFontScaling={true}
    ellipsizeMode="tail"
    style={
      Array [
        Object {
          "color": "#212121",
          "fontSize": 17,
        },
        undefined,
      ]
    }
  >
    Button
  </Text>
</View>
`;
